2026-07-05 04:42:49, MOVE, v:1, k:sandbox@user_002, mode:PICK
2026-07-05 04:43:04, EXEC, v:1, k:sandbox@user_002, mode:LOCK, rate:0, size:5
2026-07-05 04:43:04, EXEC, v:1, k:sandbox@user_002, mode:LOCK, rate:0, size:5
2026-07-05 04:43:18, EXEC, v:1, k:sandbox@user_002, mode:LOCK, rate:0, size:5
2026-07-05 04:43:18, MOVE, v:1, k:sandbox@user_002, mode:EDIT
2026-07-05 04:46:00, MOVE, v:1, k:sandbox@user_002, mode:EDIT
2026-07-05 04:48:00, EXEC, v:1, k:sandbox@user_002, mode:FULL, size:17, fail:COMP
2026-07-05 04:52:13, MOVE, v:1, k:sandbox@user_002, mode:EDIT
2026-07-05 04:56:42, MOVE, v:1, k:sandbox@user_002, mode:EDIT
2026-07-05 05:02:11, MOVE, v:1, k:sandbox@user_002, mode:EDIT
2026-07-05 05:06:47, MOVE, v:1, k:sandbox@user_002, mode:EDIT
2026-07-05 05:11:12, EXEC, v:1, k:sandbox@user_002, mode:FULL, size:61, fail:COMP
2026-07-05 05:12:11, MOVE, v:1, k:sandbox@user_002, mode:EDIT
2026-07-05 05:17:09, MOVE, v:1, k:sandbox@user_002, mode:EDIT
2026-07-05 05:20:48, EXEC, v:1, k:sandbox@user_002, mode:FULL, size:70, fail:COMP
2026-07-05 05:21:09, MOVE, v:1, k:sandbox@user_002, mode:EDIT
2026-07-05 05:26:36, EXEC, v:1, k:sandbox@user_002, mode:LOCK, rate:0, size:70
2026-07-05 05:26:40, EXEC, v:1, k:sandbox@user_002, mode:LOCK, rate:0
2026-07-05 05:26:58, MOVE, v:1, k:sandbox@user_002, mode:BACK
2026-07-05 05:27:03, MOVE, v:1, k:ed@treinando, mode:PICK
2026-07-05 05:27:05, EXEC, v:1, k:ed@treinando, mode:FULL, rate:100
2026-07-05 05:27:06, MOVE, v:1, k:ed@treinando, mode:BACK
2026-07-05 05:27:13, MOVE, v:1, k:sandbox@user_001, mode:PICK
2026-07-05 05:27:14, EXEC, v:1, k:sandbox@user_001, mode:LOCK, rate:0
2026-07-05 05:26:32, MOVE, v:1, k:sandbox@user_002, mode:EDIT
2026-07-05 05:26:40, MOVE, v:1, k:sandbox@user_002, mode:EDIT
2026-07-05 05:27:05, MOVE, v:1, k:ed@treinando, mode:EDIT
2026-07-05 05:27:14, MOVE, v:1, k:sandbox@user_001, mode:EDIT
2026-07-05 05:27:16, MOVE, v:1, k:sandbox@user_001, mode:BACK
2026-07-05 05:27:17, MOVE, v:1, k:sandbox@user_002, mode:PICK
2026-07-05 05:27:18, EXEC, v:1, k:sandbox@user_002, mode:LOCK, rate:0
2026-07-05 05:29:40, EXEC, v:1, k:sandbox@user_002, mode:LOCK, rate:0, size:69
2026-07-05 05:29:40, MOVE, v:1, k:sandbox@user_002, mode:EDIT
2026-07-05 05:32:07, MOVE, v:1, k:sandbox@user_002, mode:EDIT
2026-07-05 05:33:05, EXEC, v:1, k:sandbox@user_002, mode:LOCK, rate:100, size:70
2026-07-05 05:33:15, EXEC, v:1, k:sandbox@user_002, mode:FULL, size:69, fail:COMP
2026-07-05 05:34:09, EXEC, v:1, k:sandbox@user_002, mode:LOCK, rate:0, size:70
2026-07-05 05:34:50, EXEC, v:1, k:sandbox@user_002, mode:LOCK, rate:0, size:70
2026-07-05 05:34:49, MOVE, v:1, k:sandbox@user_002, mode:EDIT
2026-07-05 05:34:50, MOVE, v:1, k:sandbox@user_002, mode:EDIT
2026-07-05 05:42:15, MOVE, v:1, k:sandbox@user_002, mode:EDIT
2026-07-05 05:42:45, EXEC, v:1, k:sandbox@user_002, mode:FULL, size:90, fail:COMP
2026-07-05 05:44:03, EXEC, v:1, k:sandbox@user_002, mode:FULL, size:90, fail:COMP
2026-07-05 05:44:10, EXEC, v:1, k:sandbox@user_002, mode:LOCK, rate:0, size:90
2026-07-05 05:44:42, EXEC, v:1, k:sandbox@user_002, mode:LOCK, rate:0, size:90
2026-07-05 05:44:57, MOVE, v:1, k:sandbox@user_002, mode:BACK
